// Jest Snapshot v1, https://goo.gl/fbAQLP

exports[`UserProfile renders the component 1`] = `
<div class="user-profile"><img class="user-profile__avatar" src="https://github.com/images/error/octocat_happy.gif">
  <div class="user-profile__name">monalisa octocat</div>
  <div class="user-profile__bio">There once was...</div>
</div>
`;
